Archive member included to satisfy reference by file (symbol)

D:\IOT\AVR\Atmel_Studio\serialComm\serialComm\ArduinoCore\Debug\libArduinoCore.a(HardwareSerial.o)
                              Sketch.o (_ZN14HardwareSerial9availableEv)
D:\IOT\AVR\Atmel_Studio\serialComm\serialComm\ArduinoCore\Debug\libArduinoCore.a(HardwareSerial0.o)
                              Sketch.o (Serial)
D:\IOT\AVR\Atmel_Studio\serialComm\serialComm\ArduinoCore\Debug\libArduinoCore.a(main.o)
                              C:/Program Files (x86)/Atmel/Studio/7.0/Packs/atmel/ATmega_DFP/1.2.150/gcc/dev/atmega2560/avr6/crtatmega2560.o (main)
D:\IOT\AVR\Atmel_Studio\serialComm\serialComm\ArduinoCore\Debug\libArduinoCore.a(Print.o)
                              D:\IOT\AVR\Atmel_Studio\serialComm\serialComm\ArduinoCore\Debug\libArduinoCore.a(HardwareSerial.o) (_ZN5Print5writeEPKhj)
D:\IOT\AVR\Atmel_Studio\serialComm\serialComm\ArduinoCore\Debug\libArduinoCore.a(Stream.o)
                              Sketch.o (_ZN6Stream10readStringEv)
D:\IOT\AVR\Atmel_Studio\serialComm\serialComm\ArduinoCore\Debug\libArduinoCore.a(wiring.o)
                              D:\IOT\AVR\Atmel_Studio\serialComm\serialComm\ArduinoCore\Debug\libArduinoCore.a(Stream.o) (millis)
D:\IOT\AVR\Atmel_Studio\serialComm\serialComm\ArduinoCore\Debug\libArduinoCore.a(WString.o)
                              Sketch.o (_ZN6StringD1Ev)
D:\IOT\AVR\Atmel_Studio\serialComm\serialComm\ArduinoCore\Debug\libArduinoCore.a(abi.o)
                              D:\IOT\AVR\Atmel_Studio\serialComm\serialComm\ArduinoCore\Debug\libArduinoCore.a(Print.o) (__cxa_pure_virtual)
D:\IOT\AVR\Atmel_Studio\serialComm\serialComm\ArduinoCore\Debug\libArduinoCore.a(hooks.o)
                              D:\IOT\AVR\Atmel_Studio\serialComm\serialComm\ArduinoCore\Debug\libArduinoCore.a(wiring.o) (yield)
c:/program files (x86)/atmel/studio/7.0/toolchain/avr8/avr8-gnu-toolchain/bin/../lib/gcc/avr/5.4.0/../../../../avr/lib/avr6\libm.a(addsf3.o)
                              D:\IOT\AVR\Atmel_Studio\serialComm\serialComm\ArduinoCore\Debug\libArduinoCore.a(Print.o) (__subsf3)
c:/program files (x86)/atmel/studio/7.0/toolchain/avr8/avr8-gnu-toolchain/bin/../lib/gcc/avr/5.4.0/../../../../avr/lib/avr6\libm.a(addsf3x.o)
                              c:/program files (x86)/atmel/studio/7.0/toolchain/avr8/avr8-gnu-toolchain/bin/../lib/gcc/avr/5.4.0/../../../../avr/lib/avr6\libm.a(addsf3.o) (__addsf3x)
c:/program files (x86)/atmel/studio/7.0/toolchain/avr8/avr8-gnu-toolchain/bin/../lib/gcc/avr/5.4.0/../../../../avr/lib/avr6\libm.a(cmpsf2.o)
                              D:\IOT\AVR\Atmel_Studio\serialComm\serialComm\ArduinoCore\Debug\libArduinoCore.a(Print.o) (__ltsf2)
c:/program files (x86)/atmel/studio/7.0/toolchain/avr8/avr8-gnu-toolchain/bin/../lib/gcc/avr/5.4.0/../../../../avr/lib/avr6\libm.a(divsf3.o)
                              D:\IOT\AVR\Atmel_Studio\serialComm\serialComm\ArduinoCore\Debug\libArduinoCore.a(Print.o) (__divsf3)
c:/program files (x86)/atmel/studio/7.0/toolchain/avr8/avr8-gnu-toolchain/bin/../lib/gcc/avr/5.4.0/../../../../avr/lib/avr6\libm.a(divsf3x.o)
                              c:/program files (x86)/atmel/studio/7.0/toolchain/avr8/avr8-gnu-toolchain/bin/../lib/gcc/avr/5.4.0/../../../../avr/lib/avr6\libm.a(divsf3.o) (__divsf3x)
c:/program files (x86)/atmel/studio/7.0/toolchain/avr8/avr8-gnu-toolchain/bin/../lib/gcc/avr/5.4.0/../../../../avr/lib/avr6\libm.a(fixunssfsi.o)
                              D:\IOT\AVR\Atmel_Studio\serialComm\serialComm\ArduinoCore\Debug\libArduinoCore.a(Print.o) (__fixunssfsi)
c:/program files (x86)/atmel/studio/7.0/toolchain/avr8/avr8-gnu-toolchain/bin/../lib/gcc/avr/5.4.0/../../../../avr/lib/avr6\libm.a(floatsisf.o)
                              D:\IOT\AVR\Atmel_Studio\serialComm\serialComm\ArduinoCore\Debug\libArduinoCore.a(Print.o) (__floatunsisf)
c:/program files (x86)/atmel/studio/7.0/toolchain/avr8/avr8-gnu-toolchain/bin/../lib/gcc/avr/5.4.0/../../../../avr/lib/avr6\libm.a(fp_cmp.o)
                              c:/program files (x86)/atmel/studio/7.0/toolchain/avr8/avr8-gnu-toolchain/bin/../lib/gcc/avr/5.4.0/../../../../avr/lib/avr6\libm.a(cmpsf2.o) (__fp_cmp)
c:/program files (x86)/atmel/studio/7.0/toolchain/avr8/avr8-gnu-toolchain/bin/../lib/gcc/avr/5.4.0/../../../../avr/lib/avr6\libm.a(fp_inf.o)
                              c:/program files (x86)/atmel/studio/7.0/toolchain/avr8/avr8-gnu-toolchain/bin/../lib/gcc/avr/5.4.0/../../../../avr/lib/avr6\libm.a(addsf3x.o) (__fp_inf)
c:/program files (x86)/atmel/studio/7.0/toolchain/avr8/avr8-gnu-toolchain/bin/../lib/gcc/avr/5.4.0/../../../../avr/lib/avr6\libm.a(fp_nan.o)
                              c:/program files (x86)/atmel/studio/7.0/toolchain/avr8/avr8-gnu-toolchain/bin/../lib/gcc/avr/5.4.0/../../../../avr/lib/avr6\libm.a(addsf3x.o) (__fp_nan)
c:/program files (x86)/atmel/studio/7.0/toolchain/avr8/avr8-gnu-toolchain/bin/../lib/gcc/avr/5.4.0/../../../../avr/lib/avr6\libm.a(fp_pscA.o)
[...]
Memory Configuration

Name             Origin             Length             Attributes
text             0x00000000         0x00100000         xr
data             0x00800200         0x0000fe00         rw !x
eeprom           0x00810000         0x00010000         rw !x
fuse             0x00820000         0x00000003         rw !x
lock             0x00830000         0x00000400         rw !x
signature        0x00840000         0x00000400         rw !x
user_signatures  0x00850000         0x00000400         rw !x
*default*        0x00000000         0xffffffff

Linker script and memory map

Address of section .data set to 0x800200
LOAD C:/Program Files (x86)/Atmel/Studio/7.0/Packs/atmel/ATmega_DFP/1.2.150/gcc/dev/atmega2560/avr6/crtatmega2560.o
LOAD Sketch.o
START GROUP
LOAD c:/program files (x86)/atmel/studio/7.0/toolchain/avr8/avr8-gnu-toolchain/bin/../lib/gcc/avr/5.4.0/../../../../avr/lib/avr6\libm.a
LOAD D:\IOT\AVR\Atmel_Studio\serialComm\serialComm\ArduinoCore\Debug\libArduinoCore.a
END GROUP
LOAD c:/program files (x86)/atmel/studio/7.0/toolchain/avr8/avr8-gnu-toolchain/bin/../lib/gcc/avr/5.4.0/avr6\libgcc.a
LOAD c:/program files (x86)/atmel/studio/7.0/toolchain/avr8/avr8-gnu-toolchain/bin/../lib/gcc/avr/5.4.0/../../../../avr/lib/avr6\libm.a
START GROUP
LOAD c:/program files (x86)/atmel/studio/7.0/toolchain/avr8/avr8-gnu-toolchain/bin/../lib/gcc/avr/5.4.0/avr6\libgcc.a
LOAD c:/program files (x86)/atmel/studio/7.0/toolchain/avr8/avr8-gnu-toolchain/bin/../lib/gcc/avr/5.4.0/../../../../avr/lib/avr6\libm.a
LOAD c:/program files (x86)/atmel/studio/7.0/toolchain/avr8/avr8-gnu-toolchain/bin/../lib/gcc/avr/5.4.0/../../../../avr/lib/avr6\libc.a
LOAD C:/Program Files (x86)/Atmel/Studio/7.0/Packs/atmel/ATmega_DFP/1.2.150/gcc/dev/atmega2560/avr6\libatmega2560.a
END GROUP
                0x00100000                __TEXT_REGION_LENGTH__ = DEFINED (__TEXT_REGION_LENGTH__)?__TEXT_REGION_LENGTH__:0x100000
                0x0000fe00                __DATA_REGION_LENGTH__ = DEFINED (__DATA_REGION_LENGTH__)?__DATA_REGION_LENGTH__:0xfe00
                0x00010000                __EEPROM_REGION_LENGTH__ = DEFINED (__EEPROM_REGION_LENGTH__)?__EEPROM_REGION_LENGTH__:0x10000
                [0x00000003]                __FUSE_REGION_LENGTH__ = DEFINED (__FUSE_REGION_LENGTH__)?__FUSE_REGION_LENGTH__:0x400
                0x00000400                __LOCK_REGION_LENGTH__ = DEFINED (__LOCK_REGION_LENGTH__)?__LOCK_REGION_LENGTH__:0x400
                0x00000400                __SIGNATURE_REGION_LENGTH__ = DEFINED (__SIGNATURE_REGION_LENGTH__)?__SIGNATURE_REGION_LENGTH__:0x400
                0x00000400                __USER_SIGNATURE_REGION_LENGTH__ = DEFINED (__USER_SIGNATURE_REGION_LENGTH__)?__USER_SIGNATURE_REGION_LENGTH__:0x400

.hash
 *(.hash)

.dynsym
 *(.dynsym)

.dynstr
 *(.dynstr)

.gnu.version
 *(.gnu.version)

.gnu.version_d
 *(.gnu.version_d)

.gnu.version_r
 *(.gnu.version_r)

.rel.init
 *(.rel.init)

.rela.init
 *(.rela.init)

.rel.text
 *(.rel.text)
 *(.rel.text.*)
 *(.rel.gnu.linkonce.t*)

.rela.text
 *(.rela.text)
 *(.rela.text.*)
 *(.rela.gnu.linkonce.t*)

.rel.fini
 *(.rel.fini)

.rela.fini
 *(.rela.fini)

.rel.rodata
 *(.rel.rodata)
 *(.rel.rodata.*)
 *(.rel.gnu.linkonce.r*)

.rela.rodata
 *(.rela.rodata)
 *(.rela.rodata.*)
 *(.rela.gnu.linkonce.r*)

.rel.data
 *(.rel.data)
 *(.rel.data.*)
 *(.rel.gnu.linkonce.d*)

.rela.data
 *(.rela.data)
 *(.rela.data.*)
 *(.rela.gnu.linkonce.d*)

.rel.ctors
 *(.rel.ctors)

.rela.ctors
 *(.rela.ctors)

.rel.dtors
 *(.rel.dtors)

.rela.dtors
 *(.rela.dtors)

.rel.got
 *(.rel.got)

.rela.got
 *(.rela.got)

.rel.bss
 *(.rel.bss)

.rela.bss
 *(.rela.bss)

.rel.plt
 *(.rel.plt)

.rela.plt
 *(.rela.plt)

.text           0x00000000     0x1050
 *(.vectors)
 .vectors       0x00000000       0xe4 C:/Program Files (x86)/Atmel/Studio/7.0/Packs/atmel/ATmega_DFP/1.2.150/gcc/dev/atmega2560/avr6/crtatmega2560.o
                0x00000000                __vector_default
                0x00000000                __vectors
 *(.vectors)
 *(.progmem.gcc*)
                0x000000e4                . = ALIGN (0x2)
                0x000000e4                __trampolines_start = .
 *(.trampolines)
 .trampolines   0x000000e4        0x0 linker stubs
 *(.trampolines*)
                0x000000e4                __trampolines_end = .
 *libprintf_flt.a:*(.progmem.data)
 *libc.a:*(.progmem.data)
 *(.progmem*)
                0x000000e4                . = ALIGN (0x2)
 *(.jumptables)
 *(.jumptables*)
 *(.lowtext)
 *(.lowtext*)
                0x000000e4                __ctors_start = .
 *(.ctors)
 .ctors         0x000000e4        0x2 D:\IOT\AVR\Atmel_Studio\serialComm\serialComm\ArduinoCore\Debug\libArduinoCore.a(HardwareSerial0.o)
                0x000000e6                __ctors_end = .
                0x000000e6                __dtors_start = .
 *(.dtors)
                0x000000e6                __dtors_end = .
 SORT(*)(.ctors)
 SORT(*)(.dtors)
 *(.init0)
 .init0         0x000000e6        0x0 C:/Program Files (x86)/Atmel/Studio/7.0/Packs/atmel/ATmega_DFP/1.2.150/gcc/dev/atmega2560/avr6/crtatmega2560.o
                0x000000e6                __init
 *(.init0)
 *(.init1)
 *(.init1)
 *(.init2)
 .init2         0x000000e6       0x10 C:/Program Files (x86)/Atmel/Studio/7.0/Packs/atmel/ATmega_DFP/1.2.150/gcc/dev/atmega2560/avr6/crtatmega2560.o
 *(.init2)
 *(.init3)
 *(.init3)
 *(.init4)
 .init4         0x000000f6       0x1a c:/program files (x86)/atmel/studio/7.0/toolchain/avr8/avr8-gnu-toolchain/bin/../lib/gcc/avr/5.4.0/avr6\libgcc.a(_copy_data.o)
                0x000000f6                __do_copy_data
 .init4         0x00000110       0x10 c:/program files (x86)/atmel/studio/7.0/toolchain/avr8/avr8-gnu-toolchain/bin/../lib/gcc/avr/5.4.0/avr6\libgcc.a(_clear_bss.o)
                0x00000110                __do_clear_bss
 *(.init4)
 *(.init5)
 *(.init5)
 *(.init6)
 .init6         0x00000120       0x1e c:/program files (x86)/atmel/studio/7.0/toolchain/avr8/avr8-gnu-toolchain/bin/../lib/gcc/avr/5.4.0/avr6\libgcc.a(_ctors.o)
                0x00000120                __do_global_ctors
 *(.init6)
 *(.init7)
 *(.init7)
 *(.init8)
 *(.init8)
 *(.init9)
 .init9         0x0000013e        0x4 C:/Program Files (x86)/Atmel/Studio/7.0/Packs/atmel/ATmega_DFP/1.2.150/gcc/dev/atmega2560/avr6/crtatmega2560.o
 *(.init9)
 *(.text)
 .text          0x00000142        0x2 C:/Program Files (x86)/Atmel/Studio/7.0/Packs/atmel/ATmega_DFP/1.2.150/gcc/dev/atmega2560/avr6/crtatmega2560.o
                0x00000142                __vector_38
                0x00000142                __vector_22
                0x00000142                __vector_28
                0x00000142                __vector_1
                0x00000142                __vector_32
                0x00000142                __vector_34
                0x00000142                __vector_24
                0x00000142                __vector_12
                0x00000142                __vector_55
                0x00000142                __vector_46
                0x00000142                __bad_interrupt
                0x00000142                __vector_6
                0x00000142                __vector_31
                0x00000142                __vector_35
                0x00000142                __vector_39
                0x00000142                __vector_3
                0x00000142                __vector_30
                0x00000142                __vector_45
                0x00000142                __vector_11
                0x00000142                __vector_54
                0x00000142                __vector_13
                0x00000142                __vector_17
                0x00000142                __vector_19
                0x00000142                __vector_56
                0x00000142                __vector_7
                0x00000142                __vector_49
                0x00000142                __vector_41
                0x00000142                __vector_43
                0x00000142                __vector_27
                0x00000142                __vector_5
                0x00000142                __vector_33
                0x00000142                __vector_47
                0x00000142                __vector_52
                0x00000142                __vector_37
                0x00000142                __vector_4
                0x00000142                __vector_44
                0x00000142                __vector_51
                0x00000142                __vector_9
                0x00000142                __vector_2
                0x00000142                __vector_21
                0x00000142                __vector_15
                0x00000142                __vector_36
                0x00000142                __vector_29
                0x00000142                __vector_40
                0x00000142                __vector_8
                0x00000142                __vector_48
                0x00000142                __vector_14
                0x00000142                __vector_53
                0x00000142                __vector_10
                0x00000142                __vector_50
                0x00000142                __vector_16
                0x00000142                __vector_18
                0x00000142                __vector_20
                0x00000142                __vector_42
                0x00000144                . = ALIGN (0x2)
 *(.text.*)
 .text.setup    0x00000144       0x10 Sketch.o
                0x00000144                setup
 .text.loop     0x00000154       0xaa Sketch.o
                0x00000154                loop
 .text._ZN14HardwareSerial9availableEv
                0x000001fe       0x18 D:\IOT\AVR\Atmel_Studio\serialComm\serialComm\ArduinoCore\Debug\libArduinoCore.a(HardwareSerial.o)
                0x000001fe                _ZN14HardwareSerial9availableEv
 .text._ZN14HardwareSerial4peekEv
                0x00000216       0x1c D:\IOT\AVR\Atmel_Studio\serialComm\serialComm\ArduinoCore\Debug\libArduinoCore.a(HardwareSerial.o)
                0x00000216                _ZN14HardwareSerial4peekEv
 .text._ZN14HardwareSerial4readEv
                0x00000232       0x28 D:\IOT\AVR\Atmel_Studio\serialComm\serialComm\ArduinoCore\Debug\libArduinoCore.a(HardwareSerial.o)
                0x00000232                _ZN14HardwareSerial4readEv
 .text._ZN14HardwareSerial17availableForWriteEv
                0x0000025a       0x1e D:\IOT\AVR\Atmel_Studio\serialComm\serialComm\ArduinoCore\Debug\libArduinoCore.a(HardwareSerial.o)
                0x0000025a                _ZN14HardwareSerial17availableForWriteEv
 .text._Z14serialEventRunv
                0x00000278       0x78 D:\IOT\AVR\Atmel_Studio\serialComm\serialComm\ArduinoCore\Debug\libArduinoCore.a(HardwareSerial.o)
                0x00000278                _Z14serialEventRunv
 .text._ZN14HardwareSerial17_tx_udr_empty_irqEv
                0x000002f0       0x42 D:\IOT\AVR\Atmel_Studio\serialComm\serialComm\ArduinoCore\Debug\libArduinoCore.a(HardwareSerial.o)
                0x000002f0                _ZN14HardwareSerial17_tx_udr_empty_irqEv
 .text._ZN14HardwareSerial5writeEh
                0x00000332       0x8c D:\IOT\AVR\Atmel_Studio\serialComm\serialComm\ArduinoCore\Debug\libArduinoCore.a(HardwareSerial.o)
                0x00000332                _ZN14HardwareSerial5writeEh
 .text._ZN14HardwareSerial5flushEv
                0x000003be       0x42 D:\IOT\AVR\Atmel_Studio\serialComm\serialComm\ArduinoCore\Debug\libArduinoCore.a(HardwareSerial.o)
                0x000003be                _ZN14HardwareSerial5flushEv
 .text._ZN14HardwareSerial5beginEmh
                0x00000400       0xc6 D:\IOT\AVR\Atmel_Studio\serialComm\serialComm\ArduinoCore\Debug\libArduinoCore.a(HardwareSerial.o)
                0x00000400                _ZN14HardwareSerial5beginEmh
 .text.__vector_25
                0x000004c6       0x6c D:\IOT\AVR\Atmel_Studio\serialComm\serialComm\ArduinoCore\Debug\libArduinoCore.a(HardwareSerial0.o)
                0x000004c6                __vector_25
 .text.__vector_26
                0x00000532       0x52 D:\IOT\AVR\Atmel_Studio\serialComm\serialComm\ArduinoCore\Debug\libArduinoCore.a(HardwareSerial0.o)
                0x00000532                __vector_26
 .text._Z17Serial0_availablev
                0x00000584       0x12 D:\IOT\AVR\Atmel_Studio\serialComm\serialComm\ArduinoCore\Debug\libArduinoCore.a(HardwareSerial0.o)
                0x00000584                _Z17Serial0_availablev
 .text.startup._GLOBAL__sub_I___vector_25
                0x00000596       0x5a D:\IOT\AVR\Atmel_Studio\serialComm\serialComm\ArduinoCore\Debug\libArduinoCore.a(HardwareSerial0.o)
 .text.initVariant
                0x000005f0        0x2 D:\IOT\AVR\Atmel_Studio\serialComm\serialComm\ArduinoCore\Debug\libArduinoCore.a(main.o)
                0x000005f0                initVariant
 .text.startup.main
                0x000005f2       0x14 D:\IOT\AVR\Atmel_Studio\serialComm\serialComm\ArduinoCore\Debug\libArduinoCore.a(main.o)
                0x000005f2                main
 .text._ZN5Print5writeEPKhj
                0x00000606       0x54 D:\IOT\AVR\Atmel_Studio\serialComm\serialComm\ArduinoCore\Debug\libArduinoCore.a(Print.o)
                0x00000606                _ZN5Print5writeEPKhj
 .text._ZN5Print5writeEPKc
                0x0000065a       0x2a D:\IOT\AVR\Atmel_Studio\serialComm\serialComm\ArduinoCore\Debug\libArduinoCore.a(Print.o)
                0x0000065a                _ZN5Print5writeEPKc
 .text._ZN5Print5printEPKc
                0x00000684        0x2 D:\IOT\AVR\Atmel_Studio\serialComm\serialComm\ArduinoCore\Debug\libArduinoCore.a(Print.o)
                0x00000684                _ZN5Print5printEPKc
 .text._ZN5Print5printEc
                0x00000686        0xe D:\IOT\AVR\Atmel_Studio\serialComm\serialComm\ArduinoCore\Debug\libArduinoCore.a(Print.o)
                0x00000686                _ZN5Print5printEc
 .text._ZN5Print7printlnEv
                0x00000694        0x6 D:\IOT\AVR\Atmel_Studio\serialComm\serialComm\ArduinoCore\Debug\libArduinoCore.a(Print.o)
                0x00000694                _ZN5Print7printlnEv
 .text._ZN5Print11printNumberEmh
                0x0000069a       0x8e D:\IOT\AVR\Atmel_Studio\serialComm\serialComm\ArduinoCore\Debug\libArduinoCore.a(Print.o)
                0x0000069a                _ZN5Print11printNumberEmh
 .text._ZN5Print5printEli
                0x00000728       0x8a D:\IOT\AVR\Atmel_Studio\serialComm\serialComm\ArduinoCore\Debug\libArduinoCore.a(Print.o)
                0x00000728                _ZN5Print5printEli
 .text._ZN5Print5printEii
                0x000007b2        0xc D:\IOT\AVR\Atmel_Studio\serialComm\serialComm\ArduinoCore\Debug\libArduinoCore.a(Print.o)
                0x000007b2                _ZN5Print5printEii
 .text._ZN5Print7printlnEii
                0x000007be       0x20 D:\IOT\AVR\Atmel_Studio\serialComm\serialComm\ArduinoCore\Debug\libArduinoCore.a(Print.o)
                0x000007be                _ZN5Print7printlnEii
 .text._ZN6Stream9timedReadEv
                0x000007de       0x5c D:\IOT\AVR\Atmel_Studio\serialComm\serialComm\ArduinoCore\Debug\libArduinoCore.a(Stream.o)
                0x000007de                _ZN6Stream9timedReadEv
 .text._ZN6Stream10readStringEv
                0x0000083a       0x2e D:\IOT\AVR\Atmel_Studio\serialComm\serialComm\ArduinoCore\Debug\libArduinoCore.a(Stream.o)
                0x0000083a                _ZN6Stream10readStringEv
 .text.__vector_23
                0x00000868       0x94 D:\IOT\AVR\Atmel_Studio\serialComm\serialComm\ArduinoCore\Debug\libArduinoCore.a(wiring.o)
                0x00000868                __vector_23
 .text.millis   0x000008fc       0x18 D:\IOT\AVR\Atmel_Studio\serialComm\serialComm\ArduinoCore\Debug\libArduinoCore.a(wiring.o)
                0x000008fc                millis
 .text.init     0x00000914       0xc4 D:\IOT\AVR\Atmel_Studio\serialComm\serialComm\ArduinoCore\Debug\libArduinoCore.a(wiring.o)
                0x00000914                init
 .text._ZN6StringD2Ev
                0x000009d8        0x8 D:\IOT\AVR\Atmel_Studio\serialComm\serialComm\ArduinoCore\Debug\libArduinoCore.a(WString.o)
                0x000009d8                _ZN6StringD2Ev
                0x000009d8                _ZN6StringD1Ev
 .text._ZN6String10invalidateEv
                0x000009e0       0x22 D:\IOT\AVR\Atmel_Studio\serialComm\serialComm\ArduinoCore\Debug\libArduinoCore.a(WString.o)
                0x000009e0                _ZN6String10invalidateEv
 .text._ZN6String12changeBufferEj
                0x00000a02       0x32 D:\IOT\AVR\Atmel_Studio\serialComm\serialComm\ArduinoCore\Debug\libArduinoCore.a(WString.o)
                0x00000a02                _ZN6String12changeBufferEj
 .text._ZN6String7reserveEj
                0x00000a34       0x36 D:\IOT\AVR\Atmel_Studio\serialComm\serialComm\ArduinoCore\Debug\libArduinoCore.a(WString.o)
                0x00000a34                _ZN6String7reserveEj
 .text._ZN6String4copyEPKcj
                0x00000a6a       0x3c D:\IOT\AVR\Atmel_Studio\serialComm\serialComm\ArduinoCore\Debug\libArduinoCore.a(WString.o)
                0x00000a6a                _ZN6String4copyEPKcj
 .text._ZN6StringC2EPKc
                0x00000aa6       0x28 D:\IOT\AVR\Atmel_Studio\serialComm\serialComm\ArduinoCore\Debug\libArduinoCore.a(WString.o)
                0x00000aa6                _ZN6StringC2EPKc
                0x00000aa6                _ZN6StringC1EPKc
 .text._ZN6String6concatEPKcj
                0x00000ace       0x58 D:\IOT\AVR\Atmel_Studio\serialComm\serialComm\ArduinoCore\Debug\libArduinoCore.a(WString.o)
                0x00000ace                _ZN6String6concatEPKcj
 .text._ZN6String6concatEc
                0x00000b26       0x26 D:\IOT\AVR\Atmel_Studio\serialComm\serialComm\ArduinoCore\Debug\libArduinoCore.a(WString.o)
                0x00000b26                _ZN6String6concatEc
 .text._ZNK6String5toIntEv
                0x00000b4c       0x14 D:\IOT\AVR\Atmel_Studio\serialComm\serialComm\ArduinoCore\Debug\libArduinoCore.a(WString.o)
                0x00000b4c                _ZNK6String5toIntEv
 .text.libgcc.div
                0x00000b60       0x44 c:/program files (x86)/atmel/studio/7.0/toolchain/avr8/avr8-gnu-toolchain/bin/../lib/gcc/avr/5.4.0/avr6\libgcc.a(_udivmodsi4.o)
                0x00000b60                __udivmodsi4
 .text.libgcc   0x00000ba4       0x10 c:/program files (x86)/atmel/studio/7.0/toolchain/avr8/avr8-gnu-toolchain/bin/../lib/gcc/avr/5.4.0/avr6\libgcc.a(_tablejump2.o)
                0x00000ba4                __tablejump2__
 .text.avr-libc
                0x00000bb4      0x242 c:/program files (x86)/atmel/studio/7.0/toolchain/avr8/avr8-gnu-toolchain/bin/../lib/gcc/avr/5.4.0/../../../../avr/lib/avr6\libc.a(malloc.o)
                0x00000bb4                malloc
                0x00000ce4                free
 .text.avr-libc
                0x00000df6      0x1c0 c:/program files (x86)/atmel/studio/7.0/toolchain/avr8/avr8-gnu-toolchain/bin/../lib/gcc/avr/5.4.0/../../../../avr/lib/avr6\libc.a(realloc.o)
                0x00000df6                realloc
 .text.avr-libc
                0x00000fb6       0x4c c:/program files (x86)/atmel/studio/7.0/toolchain/avr8/avr8-gnu-toolchain/bin/../lib/gcc/avr/5.4.0/../../../../avr/lib/avr6\libc.a(atol.o)
                0x00000fb6                atol
 .text.avr-libc
                0x00001002       0x12 c:/program files (x86)/atmel/studio/7.0/toolchain/avr8/avr8-gnu-toolchain/bin/../lib/gcc/avr/5.4.0/../../../../avr/lib/avr6\libc.a(memcpy.o)
                0x00001002                memcpy
 .text.avr-libc
                0x00001014        0xe c:/program files (x86)/atmel/studio/7.0/toolchain/avr8/avr8-gnu-toolchain/bin/../lib/gcc/avr/5.4.0/../../../../avr/lib/avr6\libc.a(strcpy.o)
                0x00001014                strcpy
 .text.avr-libc
                0x00001022       0x2a c:/program files (x86)/atmel/studio/7.0/toolchain/avr8/avr8-gnu-toolchain/bin/../lib/gcc/avr/5.4.0/../../../../avr/lib/avr6\libc.a(mulsi10.o)
                0x00001022                __mulsi_const_10
                0x0000104c                . = ALIGN (0x2)
 *(.fini9)
 .fini9         0x0000104c        0x0 c:/program files (x86)/atmel/studio/7.0/toolchain/avr8/avr8-gnu-toolchain/bin/../lib/gcc/avr/5.4.0/avr6\libgcc.a(_exit.o)
                0x0000104c                _exit
                0x0000104c                exit
 *(.fini9)
 *(.fini8)
 *(.fini8)
 *(.fini7)
 *(.fini7)
 *(.fini6)
 *(.fini6)
 *(.fini5)
 *(.fini5)
 *(.fini4)
 *(.fini4)
 *(.fini3)
 *(.fini3)
 *(.fini2)
 *(.fini2)
 *(.fini1)
 *(.fini1)
 *(.fini0)
 .fini0         0x0000104c        0x4 c:/program files (x86)/atmel/studio/7.0/toolchain/avr8/avr8-gnu-toolchain/bin/../lib/gcc/avr/5.4.0/avr6\libgcc.a(_exit.o)
 *(.fini0)
                0x00001050                _etext = .

.data           0x00800200       0x40 load address 0x00001050
                0x00800200                PROVIDE (__data_start, .)
 *(.data)
 .data          0x00800200        0x6 c:/program files (x86)/atmel/studio/7.0/toolchain/avr8/avr8-gnu-toolchain/bin/../lib/gcc/avr/5.4.0/../../../../avr/lib/avr6\libc.a(malloc.o)
                0x00800200                __malloc_heap_end
                0x00800202                __malloc_heap_start
                0x00800204                __malloc_margin
 *(.data*)
 *(.gnu.linkonce.d*)
 *(.rodata)
 *(.rodata*)
 .rodata.str1.1
                0x00800206       0x19 Sketch.o
 .rodata._ZTV14HardwareSerial
                0x0080021f       0x12 D:\IOT\AVR\Atmel_Studio\serialComm\serialComm\ArduinoCore\Debug\libArduinoCore.a(HardwareSerial.o)
                0x0080021f                _ZTV14HardwareSerial
 .rodata.str1.1
                0x00800231        0xf D:\IOT\AVR\Atmel_Studio\serialComm\serialComm\ArduinoCore\Debug\libArduinoCore.a(Print.o)
 .rodata.str1.1
                0x00800240        0xf D:\IOT\AVR\Atmel_Studio\serialComm\serialComm\ArduinoCore\Debug\libArduinoCore.a(Stream.o)
                                  0x1 (size before relaxing)
 *(.gnu.linkonce.r*)
                0x00800250                . = ALIGN (0x2)
                0x00800250                _edata = .
                0x00800250                PROVIDE (__data_end, .)

.bss            0x00800240       0xaa
                0x00800240                PROVIDE (__bss_start, .)
 *(.bss)
 *(.bss*)
 .bss.Serial    0x00800240       0x9d D:\IOT\AVR\Atmel_Studio\serialComm\serialComm\ArduinoCore\Debug\libArduinoCore.a(HardwareSerial0.o)
                0x00800240                Serial
 .bss.timer0_fract
                0x008002dd        0x1 D:\IOT\AVR\Atmel_Studio\serialComm\serialComm\ArduinoCore\Debug\libArduinoCore.a(wiring.o)
 .bss.timer0_millis
                0x008002de        0x4 D:\IOT\AVR\Atmel_Studio\serialComm\serialComm\ArduinoCore\Debug\libArduinoCore.a(wiring.o)
                0x008002de                timer0_millis
 .bss.timer0_overflow_count
                0x008002e2        0x4 D:\IOT\AVR\Atmel_Studio\serialComm\serialComm\ArduinoCore\Debug\libArduinoCore.a(wiring.o)
                0x008002e2                timer0_overflow_count
 *(COMMON)
 COMMON         0x008002e6        0x4 c:/program files (x86)/atmel/studio/7.0/toolchain/avr8/avr8-gnu-toolchain/bin/../lib/gcc/avr/5.4.0/../../../../avr/lib/avr6\libc.a(malloc.o)
                0x008002e6                __brkval
                0x008002e8                __flp
                0x008002ea                PROVIDE (__bss_end, .)
                0x00001050                __data_load_start = LOADADDR (.data)
                0x00001090                __data_load_end = (__data_load_start + SIZEOF (.data))

.noinit         0x008002ea        0x0
                [!provide]                PROVIDE (__noinit_start, .)
 *(.noinit*)
                [!provide]                PROVIDE (__noinit_end, .)
                0x008002ea                _end = .
                0x008002ea                PROVIDE (__heap_start, .)

.eeprom         0x00810000        0x0
 *(.eeprom*)
                0x00810000                __eeprom_end = .

.fuse
 *(.fuse)
 *(.lfuse)
 *(.hfuse)
 *(.efuse)

.lock
 *(.lock*)

.signature
 *(.signature*)

.user_signatures
 *(.user_signatures*)

.stab
 *(.stab)

.stabstr
 *(.stabstr)

.stab.excl
 *(.stab.excl)

.stab.exclstr
 *(.stab.exclstr)

.stab.index
 *(.stab.index)

.stab.indexstr
 *(.stab.indexstr)

.comment        0x00000000       0x30
 *(.comment)
 .comment       0x00000000       0x30 Sketch.o
                                 0x31 (size before relaxing)
 .comment       0x00000030       0x31 D:\IOT\AVR\Atmel_Studio\serialComm\serialComm\ArduinoCore\Debug\libArduinoCore.a(HardwareSerial.o)
 .comment       0x00000030       0x31 D:\IOT\AVR\Atmel_Studio\serialComm\serialComm\ArduinoCore\Debug\libArduinoCore.a(HardwareSerial0.o)
 .comment       0x00000030       0x31 D:\IOT\AVR\Atmel_Studio\serialComm\serialComm\ArduinoCore\Debug\libArduinoCore.a(main.o)
 .comment       0x00000030       0x31 D:\IOT\AVR\Atmel_Studio\serialComm\serialComm\ArduinoCore\Debug\libArduinoCore.a(Print.o)
 .comment       0x00000030       0x31 D:\IOT\AVR\Atmel_Studio\serialComm\serialComm\ArduinoCore\Debug\libArduinoCore.a(Stream.o)
 .comment       0x00000030       0x31 D:\IOT\AVR\Atmel_Studio\serialComm\serialComm\ArduinoCore\Debug\libArduinoCore.a(wiring.o)
 .comment       0x00000030       0x31 D:\IOT\AVR\Atmel_Studio\serialComm\serialComm\ArduinoCore\Debug\libArduinoCore.a(WString.o)
 .comment       0x00000030       0x31 c:/program files (x86)/atmel/studio/7.0/toolchain/avr8/avr8-gnu-toolchain/bin/../lib/gcc/avr/5.4.0/../../../../avr/lib/avr6\libc.a(malloc.o)
 .comment       0x00000030       0x31 c:/program files (x86)/atmel/studio/7.0/toolchain/avr8/avr8-gnu-toolchain/bin/../lib/gcc/avr/5.4.0/../../../../avr/lib/avr6\libc.a(realloc.o)

.note.gnu.avr.deviceinfo
                0x00000000       0x40
 .note.gnu.avr.deviceinfo
                0x00000000       0x40 C:/Program Files (x86)/Atmel/Studio/7.0/Packs/atmel/ATmega_DFP/1.2.150/gcc/dev/atmega2560/avr6/crtatmega2560.o

.note.gnu.build-id
 *(.note.gnu.build-id)

.debug
 *(.debug)

.line
 *(.line)

.debug_srcinfo
 *(.debug_srcinfo)

.debug_sfnames
 *(.debug_sfnames)

.debug_aranges  0x00000000      0x5a0
 *(.debug_aranges)
 .debug_aranges
                0x00000000       0x28 Sketch.o
 .debug_aranges
                0x00000028       0x68 D:\IOT\AVR\Atmel_Studio\serialComm\serialComm\ArduinoCore\Debug\libArduinoCore.a(HardwareSerial.o)
 .debug_aranges
                0x00000090       0x48 D:\IOT\AVR\Atmel_Studio\serialComm\serialComm\ArduinoCore\Debug\libArduinoCore.a(HardwareSerial0.o)
 .debug_aranges
                0x000000d8       0x30 D:\IOT\AVR\Atmel_Studio\serialComm\serialComm\ArduinoCore\Debug\libArduinoCore.a(main.o)
 .debug_aranges
                0x00000108      0x100 D:\IOT\AVR\Atmel_Studio\serialComm\serialComm\ArduinoCore\Debug\libArduinoCore.a(Print.o)
 .debug_aranges
                0x00000208       0x98 D:\IOT\AVR\Atmel_Studio\serialComm\serialComm\ArduinoCore\Debug\libArduinoCore.a(Stream.o)
 .debug_aranges
                0x000002a0       0x48 D:\IOT\AVR\Atmel_Studio\serialComm\serialComm\ArduinoCore\Debug\libArduinoCore.a(wiring.o)
 .debug_aranges
                0x000002e8      0x2b8 D:\IOT\AVR\Atmel_Studio\serialComm\serialComm\ArduinoCore\Debug\libArduinoCore.a(WString.o)

.debug_pubnames
 *(.debug_pubnames)

.debug_info     0x00000000     0xf47d
 *(.debug_info .gnu.linkonce.wi.*)
 .debug_info    0x00000000      0xbbc C:/Program Files (x86)/Atmel/Studio/7.0/Packs/atmel/ATmega_DFP/1.2.150/gcc/dev/atmega2560/avr6/crtatmega2560.o
 .debug_info    0x00000bbc     0x19bb Sketch.o
 .debug_info    0x00002577     0x1f83 D:\IOT\AVR\Atmel_Studio\serialComm\serialComm\ArduinoCore\Debug\libArduinoCore.a(HardwareSerial.o)
 .debug_info    0x000044fa     0x1b74 D:\IOT\AVR\Atmel_Studio\serialComm\serialComm\ArduinoCore\Debug\libArduinoCore.a(HardwareSerial0.o)
 .debug_info    0x0000606e      0x295 D:\IOT\AVR\Atmel_Studio\serialComm\serialComm\ArduinoCore\Debug\libArduinoCore.a(main.o)
 .debug_info    0x00006303     0x295d D:\IOT\AVR\Atmel_Studio\serialComm\serialComm\ArduinoCore\Debug\libArduinoCore.a(Print.o)
 .debug_info    0x00008c60     0x21bc D:\IOT\AVR\Atmel_Studio\serialComm\serialComm\ArduinoCore\Debug\libArduinoCore.a(Stream.o)
 .debug_info    0x0000ae1c      0x329 D:\IOT\AVR\Atmel_Studio\serialComm\serialComm\ArduinoCore\Debug\libArduinoCore.a(wiring.o)
 .debug_info    0x0000b145     0x4338 D:\IOT\AVR\Atmel_Studio\serialComm\serialComm\ArduinoCore\Debug\libArduinoCore.a(WString.o)

.debug_abbrev   0x00000000     0x2694
 *(.debug_abbrev)
 .debug_abbrev  0x00000000      0xb1a C:/Program Files (x86)/Atmel/Studio/7.0/Packs/atmel/ATmega_DFP/1.2.150/gcc/dev/atmega2560/avr6/crtatmega2560.o
 .debug_abbrev  0x00000b1a      0x344 Sketch.o
 .debug_abbrev  0x00000e5e      0x432 D:\IOT\AVR\Atmel_Studio\serialComm\serialComm\ArduinoCore\Debug\libArduinoCore.a(HardwareSerial.o)
 .debug_abbrev  0x00001290      0x3ce D:\IOT\AVR\Atmel_Studio\serialComm\serialComm\ArduinoCore\Debug\libArduinoCore.a(HardwareSerial0.o)
 .debug_abbrev  0x0000165e      0x12d D:\IOT\AVR\Atmel_Studio\serialComm\serialComm\ArduinoCore\Debug\libArduinoCore.a(main.o)
 .debug_abbrev  0x0000178b      0x47a D:\IOT\AVR\Atmel_Studio\serialComm\serialComm\ArduinoCore\Debug\libArduinoCore.a(Print.o)
 .debug_abbrev  0x00001c05      0x487 D:\IOT\AVR\Atmel_Studio\serialComm\serialComm\ArduinoCore\Debug\libArduinoCore.a(Stream.o)
 .debug_abbrev  0x0000208c      0x146 D:\IOT\AVR\Atmel_Studio\serialComm\serialComm\ArduinoCore\Debug\libArduinoCore.a(wiring.o)
 .debug_abbrev  0x000021d2      0x4c2 D:\IOT\AVR\Atmel_Studio\serialComm\serialComm\ArduinoCore\Debug\libArduinoCore.a(WString.o)

.debug_line     0x00000000     0x2f16
 *(.debug_line .debug_line.* .debug_line_end)
 .debug_line    0x00000000      0x1f9 C:/Program Files (x86)/Atmel/Studio/7.0/Packs/atmel/ATmega_DFP/1.2.150/gcc/dev/atmega2560/avr6/crtatmega2560.o
 .debug_line    0x000001f9      0x217 Sketch.o
 .debug_line    0x00000410      0x489 D:\IOT\AVR\Atmel_Studio\serialComm\serialComm\ArduinoCore\Debug\libArduinoCore.a(HardwareSerial.o)
 .debug_line    0x00000899      0x288 D:\IOT\AVR\Atmel_Studio\serialComm\serialComm\ArduinoCore\Debug\libArduinoCore.a(HardwareSerial0.o)
 .debug_line    0x00000b21      0x161 D:\IOT\AVR\Atmel_Studio\serialComm\serialComm\ArduinoCore\Debug\libArduinoCore.a(main.o)
 .debug_line    0x00000c82      0x681 D:\IOT\AVR\Atmel_Studio\serialComm\serialComm\ArduinoCore\Debug\libArduinoCore.a(Print.o)
 .debug_line    0x00001303      0x5f3 D:\IOT\AVR\Atmel_Studio\serialComm\serialComm\ArduinoCore\Debug\libArduinoCore.a(Stream.o)
 .debug_line    0x000018f6      0x2cb D:\IOT\AVR\Atmel_Studio\serialComm\serialComm\ArduinoCore\Debug\libArduinoCore.a(wiring.o)
 .debug_line    0x00001bc1     0x1355 D:\IOT\AVR\Atmel_Studio\serialComm\serialComm\ArduinoCore\Debug\libArduinoCore.a(WString.o)

.debug_frame    0x00000000     0x1450
 *(.debug_frame)
 .debug_frame   0x00000000       0x58 Sketch.o
 .debug_frame   0x00000058      0x110 D:\IOT\AVR\Atmel_Studio\serialComm\serialComm\ArduinoCore\Debug\libArduinoCore.a(HardwareSerial.o)
 .debug_frame   0x00000168       0xe0 D:\IOT\AVR\Atmel_Studio\serialComm\serialComm\ArduinoCore\Debug\libArduinoCore.a(HardwareSerial0.o)
 .debug_frame   0x00000248       0x54 D:\IOT\AVR\Atmel_Studio\serialComm\serialComm\ArduinoCore\Debug\libArduinoCore.a(main.o)
 .debug_frame   0x0000029c      0x3ac D:\IOT\AVR\Atmel_Studio\serialComm\serialComm\ArduinoCore\Debug\libArduinoCore.a(Print.o)
 .debug_frame   0x00000648      0x2e4 D:\IOT\AVR\Atmel_Studio\serialComm\serialComm\ArduinoCore\Debug\libArduinoCore.a(Stream.o)
 .debug_frame   0x0000092c       0xc4 D:\IOT\AVR\Atmel_Studio\serialComm\serialComm\ArduinoCore\Debug\libArduinoCore.a(wiring.o)
 .debug_frame   0x000009f0      0xa60 D:\IOT\AVR\Atmel_Studio\serialComm\serialComm\ArduinoCore\Debug\libArduinoCore.a(WString.o)

.debug_str      0x00000000     0x2537
 *(.debug_str)
 .debug_str     0x00000000      0x3e6 C:/Program Files (x86)/Atmel/Studio/7.0/Packs/atmel/ATmega_DFP/1.2.150/gcc/dev/atmega2560/avr6/crtatmega2560.o
 .debug_str     0x000003e6     0x11bb Sketch.o
                               0x1268 (size before relaxing)
 .debug_str     0x000015a1      0x4e2 D:\IOT\AVR\Atmel_Studio\serialComm\serialComm\ArduinoCore\Debug\libArduinoCore.a(HardwareSerial.o)
                               0x16b7 (size before relaxing)
 .debug_str     0x00001a83       0xca D:\IOT\AVR\Atmel_Studio\serialComm\serialComm\ArduinoCore\Debug\libArduinoCore.a(HardwareSerial0.o)
                               0x13fb (size before relaxing)
 .debug_str     0x00001b4d       0x37 D:\IOT\AVR\Atmel_Studio\serialComm\serialComm\ArduinoCore\Debug\libArduinoCore.a(main.o)
                                0x2a7 (size before relaxing)
 .debug_str     0x00001b84      0x3b5 D:\IOT\AVR\Atmel_Studio\serialComm\serialComm\ArduinoCore\Debug\libArduinoCore.a(Print.o)
                               0x1235 (size before relaxing)
 .debug_str     0x00001f39       0x97 D:\IOT\AVR\Atmel_Studio\serialComm\serialComm\ArduinoCore\Debug\libArduinoCore.a(Stream.o)
                               0x1259 (size before relaxing)
 .debug_str     0x00001fd0      0x16a D:\IOT\AVR\Atmel_Studio\serialComm\serialComm\ArduinoCore\Debug\libArduinoCore.a(wiring.o)
                                0x23d (size before relaxing)
 .debug_str     0x0000213a      0x3fd D:\IOT\AVR\Atmel_Studio\serialComm\serialComm\ArduinoCore\Debug\libArduinoCore.a(WString.o)
                               0x1188 (size before relaxing)

.debug_loc      0x00000000     0x7cb5
 *(.debug_loc)
 .debug_loc     0x00000000       0x94 Sketch.o
 .debug_loc     0x00000094      0x482 D:\IOT\AVR\Atmel_Studio\serialComm\serialComm\ArduinoCore\Debug\libArduinoCore.a(HardwareSerial.o)
 .debug_loc     0x00000516      0x1b0 D:\IOT\AVR\Atmel_Studio\serialComm\serialComm\ArduinoCore\Debug\libArduinoCore.a(HardwareSerial0.o)
 .debug_loc     0x000006c6     0x1c87 D:\IOT\AVR\Atmel_Studio\serialComm\serialComm\ArduinoCore\Debug\libArduinoCore.a(Print.o)
 .debug_loc     0x0000234d     0x14ae D:\IOT\AVR\Atmel_Studio\serialComm\serialComm\ArduinoCore\Debug\libArduinoCore.a(Stream.o)
 .debug_loc     0x000037fb      0x28d D:\IOT\AVR\Atmel_Studio\serialComm\serialComm\ArduinoCore\Debug\libArduinoCore.a(wiring.o)
 .debug_loc     0x00003a88     0x422d D:\IOT\AVR\Atmel_Studio\serialComm\serialComm\ArduinoCore\Debug\libArduinoCore.a(WString.o)

.debug_macinfo
 *(.debug_macinfo)

.debug_weaknames
 *(.debug_weaknames)

.debug_funcnames
 *(.debug_funcnames)

.debug_typenames
 *(.debug_typenames)

.debug_varnames
 *(.debug_varnames)

.debug_pubtypes
 *(.debug_pubtypes)

.debug_ranges   0x00000000      0x5d0
 *(.debug_ranges)
 .debug_ranges  0x00000000       0x18 Sketch.o
 .debug_ranges  0x00000018       0x58 D:\IOT\AVR\Atmel_Studio\serialComm\serialComm\ArduinoCore\Debug\libArduinoCore.a(HardwareSerial.o)
 .debug_ranges  0x00000070       0x38 D:\IOT\AVR\Atmel_Studio\serialComm\serialComm\ArduinoCore\Debug\libArduinoCore.a(HardwareSerial0.o)
 .debug_ranges  0x000000a8       0x20 D:\IOT\AVR\Atmel_Studio\serialComm\serialComm\ArduinoCore\Debug\libArduinoCore.a(main.o)
 .debug_ranges  0x000000c8      0x120 D:\IOT\AVR\Atmel_Studio\serialComm\serialComm\ArduinoCore\Debug\libArduinoCore.a(Print.o)
 .debug_ranges  0x000001e8       0xb8 D:\IOT\AVR\Atmel_Studio\serialComm\serialComm\ArduinoCore\Debug\libArduinoCore.a(Stream.o)
 .debug_ranges  0x000002a0       0x38 D:\IOT\AVR\Atmel_Studio\serialComm\serialComm\ArduinoCore\Debug\libArduinoCore.a(wiring.o)
 .debug_ranges  0x000002d8      0x2f8 D:\IOT\AVR\Atmel_Studio\serialComm\serialComm\ArduinoCore\Debug\libArduinoCore.a(WString.o)

.debug_macro
 *(.debug_macro)
OUTPUT(serialCom.elf elf32-avr)
LOAD linker stubs
