Archive member included to satisfy reference by file (symbol)

D:\IOT\AVR\Atmel_Studio\ArduinoSketch1\ArduinoSketch1\ArduinoCore\Debug\libArduinoCore.a(main.o)
                              C:/Program Files (x86)/Atmel/Studio/7.0/Packs/atmel/ATmega_DFP/1.2.150/gcc/dev/atmega2560/avr6/crtatmega2560.o (main)
D:\IOT\AVR\Atmel_Studio\ArduinoSketch1\ArduinoSketch1\ArduinoCore\Debug\libArduinoCore.a(wiring.o)
                              Sketch.o (delay)
D:\IOT\AVR\Atmel_Studio\ArduinoSketch1\ArduinoSketch1\ArduinoCore\Debug\libArduinoCore.a(wiring_digital.o)
                              Sketch.o (pinMode)
D:\IOT\AVR\Atmel_Studio\ArduinoSketch1\ArduinoSketch1\ArduinoCore\Debug\libArduinoCore.a(hooks.o)
                              D:\IOT\AVR\Atmel_Studio\ArduinoSketch1\ArduinoSketch1\ArduinoCore\Debug\libArduinoCore.a(wiring.o) (yield)
c:/program files (x86)/atmel/studio/7.0/toolchain/avr8/avr8-gnu-toolchain/bin/../lib/gcc/avr/5.4.0/avr6\libgcc.a(_exit.o)
                              C:/Program Files (x86)/Atmel/Studio/7.0/Packs/atmel/ATmega_DFP/1.2.150/gcc/dev/atmega2560/avr6/crtatmega2560.o (exit)
c:/program files (x86)/atmel/studio/7.0/toolchain/avr8/avr8-gnu-toolchain/bin/../lib/gcc/avr/5.4.0/avr6\libgcc.a(_tablejump2.o)
                              D:\IOT\AVR\Atmel_Studio\ArduinoSketch1\ArduinoSketch1\ArduinoCore\Debug\libArduinoCore.a(wiring_digital.o) (__tablejump2__)
c:/program files (x86)/atmel/studio/7.0/toolchain/avr8/avr8-gnu-toolchain/bin/../lib/gcc/avr/5.4.0/avr6\libgcc.a(_clear_bss.o)
                              D:\IOT\AVR\Atmel_Studio\ArduinoSketch1\ArduinoSketch1\ArduinoCore\Debug\libArduinoCore.a(wiring.o) (__do_clear_bss)

Discarded input sections

 .data          0x00000000        0x0 C:/Program Files (x86)/Atmel/Studio/7.0/Packs/atmel/ATmega_DFP/1.2.150/gcc/dev/atmega2560/avr6/crtatmega2560.o
 .bss           0x00000000        0x0 C:/Program Files (x86)/Atmel/Studio/7.0/Packs/atmel/ATmega_DFP/1.2.150/gcc/dev/atmega2560/avr6/crtatmega2560.o
 .text          0x00000000        0x0 Sketch.o
 .data          0x00000000        0x0 Sketch.o
 .bss           0x00000000        0x0 Sketch.o
 .text          0x00000000        0x0 D:\IOT\AVR\Atmel_Studio\ArduinoSketch1\ArduinoSketch1\ArduinoCore\Debug\libArduinoCore.a(main.o)
 .data          0x00000000        0x0 D:\IOT\AVR\Atmel_Studio\ArduinoSketch1\ArduinoSketch1\ArduinoCore\Debug\libArduinoCore.a(main.o)
 .bss           0x00000000        0x0 D:\IOT\AVR\Atmel_Studio\ArduinoSketch1\ArduinoSketch1\ArduinoCore\Debug\libArduinoCore.a(main.o)
 .text.atexit   0x00000000        0x6 D:\IOT\AVR\Atmel_Studio\ArduinoSketch1\ArduinoSketch1\ArduinoCore\Debug\libArduinoCore.a(main.o)
 .text._Z8setupUSBv
                0x00000000        0x2 D:\IOT\AVR\Atmel_Studio\ArduinoSketch1\ArduinoSketch1\ArduinoCore\Debug\libArduinoCore.a(main.o)
 .text          0x00000000        0x0 D:\IOT\AVR\Atmel_Studio\ArduinoSketch1\ArduinoSketch1\ArduinoCore\Debug\libArduinoCore.a(wiring.o)
 .data          0x00000000        0x0 D:\IOT\AVR\Atmel_Studio\ArduinoSketch1\ArduinoSketch1\ArduinoCore\Debug\libArduinoCore.a(wiring.o)
 .bss           0x00000000        0x0 D:\IOT\AVR\Atmel_Studio\ArduinoSketch1\ArduinoSketch1\ArduinoCore\Debug\libArduinoCore.a(wiring.o)
 .text.millis   0x00000000       0x18 D:\IOT\AVR\Atmel_Studio\ArduinoSketch1\ArduinoSketch1\ArduinoCore\Debug\libArduinoCore.a(wiring.o)
 .text.delayMicroseconds
                0x00000000       0x16 D:\IOT\AVR\Atmel_Studio\ArduinoSketch1\ArduinoSketch1\ArduinoCore\Debug\libArduinoCore.a(wiring.o)
 .text          0x00000000        0x0 D:\IOT\AVR\Atmel_Studio\ArduinoSketch1\ArduinoSketch1\ArduinoCore\Debug\libArduinoCore.a(wiring_digital.o)
 .data          0x00000000        0x0 D:\IOT\AVR\Atmel_Studio\ArduinoSketch1\ArduinoSketch1\ArduinoCore\Debug\libArduinoCore.a(wiring_digital.o)
 .bss           0x00000000        0x0 D:\IOT\AVR\Atmel_Studio\ArduinoSketch1\ArduinoSketch1\ArduinoCore\Debug\libArduinoCore.a(wiring_digital.o)
 .text.digitalRead
                0x00000000       0x52 D:\IOT\AVR\Atmel_Studio\ArduinoSketch1\ArduinoSketch1\ArduinoCore\Debug\libArduinoCore.a(wiring_digital.o)
 .progmem.data.port_to_input_PGM
                0x00000000       0x1a D:\IOT\AVR\Atmel_Studio\ArduinoSketch1\ArduinoSketch1\ArduinoCore\Debug\libArduinoCore.a(wiring_digital.o)
 .text          0x00000000        0x0 D:\IOT\AVR\Atmel_Studio\ArduinoSketch1\ArduinoSketch1\ArduinoCore\Debug\libArduinoCore.a(hooks.o)
 .data          0x00000000        0x0 D:\IOT\AVR\Atmel_Studio\ArduinoSketch1\ArduinoSketch1\ArduinoCore\Debug\libArduinoCore.a(hooks.o)
 .bss           0x00000000        0x0 D:\IOT\AVR\Atmel_Studio\ArduinoSketch1\ArduinoSketch1\ArduinoCore\Debug\libArduinoCore.a(hooks.o)
 .text          0x00000000        0x0 c:/program files (x86)/atmel/studio/7.0/toolchain/avr8/avr8-gnu-toolchain/bin/../lib/gcc/avr/5.4.0/avr6\libgcc.a(_exit.o)
 .data          0x00000000        0x0 c:/program files (x86)/atmel/studio/7.0/toolchain/avr8/avr8-gnu-toolchain/bin/../lib/gcc/avr/5.4.0/avr6\libgcc.a(_exit.o)
 .bss           0x00000000        0x0 c:/program files (x86)/atmel/studio/7.0/toolchain/avr8/avr8-gnu-toolchain/bin/../lib/gcc/avr/5.4.0/avr6\libgcc.a(_exit.o)
 .text.libgcc.mul
                0x00000000        0x0 c:/program files (x86)/atmel/studio/7.0/toolchain/avr8/avr8-gnu-toolchain/bin/../lib/gcc/avr/5.4.0/avr6\libgcc.a(_exit.o)
 .text.libgcc.div
                0x00000000        0x0 c:/program files (x86)/atmel/studio/7.0/toolchain/avr8/avr8-gnu-toolchain/bin/../lib/gcc/avr/5.4.0/avr6\libgcc.a(_exit.o)
 .text.libgcc   0x00000000        0x0 c:/program files (x86)/atmel/studio/7.0/toolchain/avr8/avr8-gnu-toolchain/bin/../lib/gcc/avr/5.4.0/avr6\libgcc.a(_exit.o)
 .text.libgcc.prologue
                0x00000000        0x0 c:/program files (x86)/atmel/studio/7.0/toolchain/avr8/avr8-gnu-toolchain/bin/../lib/gcc/avr/5.4.0/avr6\libgcc.a(_exit.o)
 .text.libgcc.builtins
                0x00000000        0x0 c:/program files (x86)/atmel/studio/7.0/toolchain/avr8/avr8-gnu-toolchain/bin/../lib/gcc/avr/5.4.0/avr6\libgcc.a(_exit.o)
 .text.libgcc.fmul
                0x00000000        0x0 c:/program files (x86)/atmel/studio/7.0/toolchain/avr8/avr8-gnu-toolchain/bin/../lib/gcc/avr/5.4.0/avr6\libgcc.a(_exit.o)
 .text.libgcc.fixed
                0x00000000        0x0 c:/program files (x86)/atmel/studio/7.0/toolchain/avr8/avr8-gnu-toolchain/bin/../lib/gcc/avr/5.4.0/avr6\libgcc.a(_exit.o)
 .text          0x00000000        0x0 c:/program files (x86)/atmel/studio/7.0/toolchain/avr8/avr8-gnu-toolchain/bin/../lib/gcc/avr/5.4.0/avr6\libgcc.a(_tablejump2.o)
 .data          0x00000000        0x0 c:/program files (x86)/atmel/studio/7.0/toolchain/avr8/avr8-gnu-toolchain/bin/../lib/gcc/avr/5.4.0/avr6\libgcc.a(_tablejump2.o)
 .bss           0x00000000        0x0 c:/program files (x86)/atmel/studio/7.0/toolchain/avr8/avr8-gnu-toolchain/bin/../lib/gcc/avr/5.4.0/avr6\libgcc.a(_tablejump2.o)
 .text.libgcc.mul
                0x00000000        0x0 c:/program files (x86)/atmel/studio/7.0/toolchain/avr8/avr8-gnu-toolchain/bin/../lib/gcc/avr/5.4.0/avr6\libgcc.a(_tablejump2.o)
 .text.libgcc.div
                0x00000000        0x0 c:/program files (x86)/atmel/studio/7.0/toolchain/avr8/avr8-gnu-toolchain/bin/../lib/gcc/avr/5.4.0/avr6\libgcc.a(_tablejump2.o)
 .text.libgcc.prologue
                0x00000000        0x0 c:/program files (x86)/atmel/studio/7.0/toolchain/avr8/avr8-gnu-toolchain/bin/../lib/gcc/avr/5.4.0/avr6\libgcc.a(_tablejump2.o)
 .text.libgcc.builtins
                0x00000000        0x0 c:/program files (x86)/atmel/studio/7.0/toolchain/avr8/avr8-gnu-toolchain/bin/../lib/gcc/avr/5.4.0/avr6\libgcc.a(_tablejump2.o)
 .text.libgcc.fmul
                0x00000000        0x0 c:/program files (x86)/atmel/studio/7.0/toolchain/avr8/avr8-gnu-toolchain/bin/../lib/gcc/avr/5.4.0/avr6\libgcc.a(_tablejump2.o)
 .text.libgcc.fixed
                0x00000000        0x0 c:/program files (x86)/atmel/studio/7.0/toolchain/avr8/avr8-gnu-toolchain/bin/../lib/gcc/avr/5.4.0/avr6\libgcc.a(_tablejump2.o)
 .text          0x00000000        0x0 c:/program files (x86)/atmel/studio/7.0/toolchain/avr8/avr8-gnu-toolchain/bin/../lib/gcc/avr/5.4.0/avr6\libgcc.a(_clear_bss.o)
 .data          0x00000000        0x0 c:/program files (x86)/atmel/studio/7.0/toolchain/avr8/avr8-gnu-toolchain/bin/../lib/gcc/avr/5.4.0/avr6\libgcc.a(_clear_bss.o)
 .bss           0x00000000        0x0 c:/program files (x86)/atmel/studio/7.0/toolchain/avr8/avr8-gnu-toolchain/bin/../lib/gcc/avr/5.4.0/avr6\libgcc.a(_clear_bss.o)
 .text.libgcc.mul
                0x00000000        0x0 c:/program files (x86)/atmel/studio/7.0/toolchain/avr8/avr8-gnu-toolchain/bin/../lib/gcc/avr/5.4.0/avr6\libgcc.a(_clear_bss.o)
 .text.libgcc.div
                0x00000000        0x0 c:/program files (x86)/atmel/studio/7.0/toolchain/avr8/avr8-gnu-toolchain/bin/../lib/gcc/avr/5.4.0/avr6\libgcc.a(_clear_bss.o)
 .text.libgcc   0x00000000        0x0 c:/program files (x86)/atmel/studio/7.0/toolchain/avr8/avr8-gnu-toolchain/bin/../lib/gcc/avr/5.4.0/avr6\libgcc.a(_clear_bss.o)
 .text.libgcc.prologue
                0x00000000        0x0 c:/program files (x86)/atmel/studio/7.0/toolchain/avr8/avr8-gnu-toolchain/bin/../lib/gcc/avr/5.4.0/avr6\libgcc.a(_clear_bss.o)
 .text.libgcc.builtins
                0x00000000        0x0 c:/program files (x86)/atmel/studio/7.0/toolchain/avr8/avr8-gnu-toolchain/bin/../lib/gcc/avr/5.4.0/avr6\libgcc.a(_clear_bss.o)
 .text.libgcc.fmul
                0x00000000        0x0 c:/program files (x86)/atmel/studio/7.0/toolchain/avr8/avr8-gnu-toolchain/bin/../lib/gcc/avr/5.4.0/avr6\libgcc.a(_clear_bss.o)
 .text.libgcc.fixed
                0x00000000        0x0 c:/program files (x86)/atmel/studio/7.0/toolchain/avr8/avr8-gnu-toolchain/bin/../lib/gcc/avr/5.4.0/avr6\libgcc.a(_clear_bss.o)

Memory Configuration

Name             Origin             Length             Attributes
text             0x00000000         0x00100000         xr
data             0x00800200         0x0000fe00         rw !x
eeprom           0x00810000         0x00010000         rw !x
fuse             0x00820000         0x00000003         rw !x
lock             0x00830000         0x00000400         rw !x
signature        0x00840000         0x00000400         rw !x
user_signatures  0x00850000         0x00000400         rw !x
*default*        0x00000000         0xffffffff

Linker script and memory map

Address of section .data set to 0x800200
LOAD C:/Program Files (x86)/Atmel/Studio/7.0/Packs/atmel/ATmega_DFP/1.2.150/gcc/dev/atmega2560/avr6/crtatmega2560.o
LOAD Sketch.o
START GROUP
LOAD c:/program files (x86)/atmel/studio/7.0/toolchain/avr8/avr8-gnu-toolchain/bin/../lib/gcc/avr/5.4.0/../../../../avr/lib/avr6\libm.a
LOAD D:\IOT\AVR\Atmel_Studio\ArduinoSketch1\ArduinoSketch1\ArduinoCore\Debug\libArduinoCore.a
END GROUP
LOAD c:/program files (x86)/atmel/studio/7.0/toolchain/avr8/avr8-gnu-toolchain/bin/../lib/gcc/avr/5.4.0/avr6\libgcc.a
LOAD c:/program files (x86)/atmel/studio/7.0/toolchain/avr8/avr8-gnu-toolchain/bin/../lib/gcc/avr/5.4.0/../../../../avr/lib/avr6\libm.a
START GROUP
LOAD c:/program files (x86)/atmel/studio/7.0/toolchain/avr8/avr8-gnu-toolchain/bin/../lib/gcc/avr/5.4.0/avr6\libgcc.a
LOAD c:/program files (x86)/atmel/studio/7.0/toolchain/avr8/avr8-gnu-toolchain/bin/../lib/gcc/avr/5.4.0/../../../../avr/lib/avr6\libm.a
LOAD c:/program files (x86)/atmel/studio/7.0/toolchain/avr8/avr8-gnu-toolchain/bin/../lib/gcc/avr/5.4.0/../../../../avr/lib/avr6\libc.a
LOAD C:/Program Files (x86)/Atmel/Studio/7.0/Packs/atmel/ATmega_DFP/1.2.150/gcc/dev/atmega2560/avr6\libatmega2560.a
END GROUP
                0x00100000                __TEXT_REGION_LENGTH__ = DEFINED (__TEXT_REGION_LENGTH__)?__TEXT_REGION_LENGTH__:0x100000
                0x0000fe00                __DATA_REGION_LENGTH__ = DEFINED (__DATA_REGION_LENGTH__)?__DATA_REGION_LENGTH__:0xfe00
                0x00010000                __EEPROM_REGION_LENGTH__ = DEFINED (__EEPROM_REGION_LENGTH__)?__EEPROM_REGION_LENGTH__:0x10000
                [0x00000003]                __FUSE_REGION_LENGTH__ = DEFINED (__FUSE_REGION_LENGTH__)?__FUSE_REGION_LENGTH__:0x400
                0x00000400                __LOCK_REGION_LENGTH__ = DEFINED (__LOCK_REGION_LENGTH__)?__LOCK_REGION_LENGTH__:0x400
                0x00000400                __SIGNATURE_REGION_LENGTH__ = DEFINED (__SIGNATURE_REGION_LENGTH__)?__SIGNATURE_REGION_LENGTH__:0x400
                0x00000400                __USER_SIGNATURE_REGION_LENGTH__ = DEFINED (__USER_SIGNATURE_REGION_LENGTH__)?__USER_SIGNATURE_REGION_LENGTH__:0x400

.hash
 *(.hash)

.dynsym
 *(.dynsym)

.dynstr
 *(.dynstr)

.gnu.version
 *(.gnu.version)

.gnu.version_d
 *(.gnu.version_d)

.gnu.version_r
 *(.gnu.version_r)

.rel.init
 *(.rel.init)

.rela.init
 *(.rela.init)

.rel.text
 *(.rel.text)
 *(.rel.text.*)
 *(.rel.gnu.linkonce.t*)

.rela.text
 *(.rela.text)
 *(.rela.text.*)
 *(.rela.gnu.linkonce.t*)

.rel.fini
 *(.rel.fini)

.rela.fini
 *(.rela.fini)

.rel.rodata
 *(.rel.rodata)
 *(.rel.rodata.*)
 *(.rel.gnu.linkonce.r*)

.rela.rodata
 *(.rela.rodata)
 *(.rela.rodata.*)
 *(.rela.gnu.linkonce.r*)

.rel.data
 *(.rel.data)
 *(.rel.data.*)
 *(.rel.gnu.linkonce.d*)

.rela.data
 *(.rela.data)
 *(.rela.data.*)
 *(.rela.gnu.linkonce.d*)

.rel.ctors
 *(.rel.ctors)

.rela.ctors
 *(.rela.ctors)

.rel.dtors
 *(.rel.dtors)

.rela.dtors
 *(.rela.dtors)

.rel.got
 *(.rel.got)

.rela.got
 *(.rela.got)

.rel.bss
 *(.rel.bss)

.rela.bss
 *(.rela.bss)

.rel.plt
 *(.rel.plt)

.rela.plt
 *(.rela.plt)

.text           0x00000000      0x61a
 *(.vectors)
 .vectors       0x00000000       0xe4 C:/Program Files (x86)/Atmel/Studio/7.0/Packs/atmel/ATmega_DFP/1.2.150/gcc/dev/atmega2560/avr6/crtatmega2560.o
                0x00000000                __vector_default
                0x00000000                __vectors
 *(.vectors)
 *(.progmem.gcc*)
 .progmem.gcc_sw_table.turnOffPWM
                0x000000e4       0x24 D:\IOT\AVR\Atmel_Studio\ArduinoSketch1\ArduinoSketch1\ArduinoCore\Debug\libArduinoCore.a(wiring_digital.o)
                0x00000108                . = ALIGN (0x2)
                0x00000108                __trampolines_start = .
 *(.trampolines)
 .trampolines   0x00000108        0x0 linker stubs
 *(.trampolines*)
                0x00000108                __trampolines_end = .
 *libprintf_flt.a:*(.progmem.data)
 *libc.a:*(.progmem.data)
 *(.progmem*)
 .progmem.data.digital_pin_to_timer_PGM
                0x00000108       0x46 D:\IOT\AVR\Atmel_Studio\ArduinoSketch1\ArduinoSketch1\ArduinoCore\Debug\libArduinoCore.a(wiring_digital.o)
                0x00000108                digital_pin_to_timer_PGM
 .progmem.data.digital_pin_to_bit_mask_PGM
                0x0000014e       0x46 D:\IOT\AVR\Atmel_Studio\ArduinoSketch1\ArduinoSketch1\ArduinoCore\Debug\libArduinoCore.a(wiring_digital.o)
                0x0000014e                digital_pin_to_bit_mask_PGM
 .progmem.data.digital_pin_to_port_PGM
                0x00000194       0x46 D:\IOT\AVR\Atmel_Studio\ArduinoSketch1\ArduinoSketch1\ArduinoCore\Debug\libArduinoCore.a(wiring_digital.o)
                0x00000194                digital_pin_to_port_PGM
 .progmem.data.port_to_output_PGM
                0x000001da       0x1a D:\IOT\AVR\Atmel_Studio\ArduinoSketch1\ArduinoSketch1\ArduinoCore\Debug\libArduinoCore.a(wiring_digital.o)
                0x000001da                port_to_output_PGM
 .progmem.data.port_to_mode_PGM
                0x000001f4       0x1a D:\IOT\AVR\Atmel_Studio\ArduinoSketch1\ArduinoSketch1\ArduinoCore\Debug\libArduinoCore.a(wiring_digital.o)
                0x000001f4                port_to_mode_PGM
                0x0000020e                . = ALIGN (0x2)
 *(.jumptables)
 *(.jumptables*)
 *(.lowtext)
 *(.lowtext*)
                0x0000020e                __ctors_start = .
 *(.ctors)
                0x0000020e                __ctors_end = .
                0x0000020e                __dtors_start = .
 *(.dtors)
                0x0000020e                __dtors_end = .
 SORT(*)(.ctors)
 SORT(*)(.dtors)
 *(.init0)
 .init0         0x0000020e        0x0 C:/Program Files (x86)/Atmel/Studio/7.0/Packs/atmel/ATmega_DFP/1.2.150/gcc/dev/atmega2560/avr6/crtatmega2560.o
                0x0000020e                __init
 *(.init0)
 *(.init1)
 *(.init1)
 *(.init2)
 .init2         0x0000020e       0x10 C:/Program Files (x86)/Atmel/Studio/7.0/Packs/atmel/ATmega_DFP/1.2.150/gcc/dev/atmega2560/avr6/crtatmega2560.o
 *(.init2)
 *(.init3)
 *(.init3)
 *(.init4)
 .init4         0x0000021e       0x10 c:/program files (x86)/atmel/studio/7.0/toolchain/avr8/avr8-gnu-toolchain/bin/../lib/gcc/avr/5.4.0/avr6\libgcc.a(_clear_bss.o)
                0x0000021e                __do_clear_bss
 *(.init4)
 *(.init5)
 *(.init5)
 *(.init6)
 *(.init6)
 *(.init7)
 *(.init7)
 *(.init8)
 *(.init8)
 *(.init9)
 .init9         0x0000022e        0x4 C:/Program Files (x86)/Atmel/Studio/7.0/Packs/atmel/ATmega_DFP/1.2.150/gcc/dev/atmega2560/avr6/crtatmega2560.o
 *(.init9)
 *(.text)
 .text          0x00000232        0x2 C:/Program Files (x86)/Atmel/Studio/7.0/Packs/atmel/ATmega_DFP/1.2.150/gcc/dev/atmega2560/avr6/crtatmega2560.o
                0x00000232                __vector_38
                0x00000232                __vector_22
                0x00000232                __vector_28
                0x00000232                __vector_1
                0x00000232                __vector_32
                0x00000232                __vector_34
                0x00000232                __vector_24
                0x00000232                __vector_12
                0x00000232                __vector_55
                0x00000232                __vector_46
                0x00000232                __bad_interrupt
                0x00000232                __vector_6
                0x00000232                __vector_31
                0x00000232                __vector_35
                0x00000232                __vector_39
                0x00000232                __vector_3
                0x00000232                __vector_30
                0x00000232                __vector_45
                0x00000232                __vector_25
                0x00000232                __vector_11
                0x00000232                __vector_54
                0x00000232                __vector_13
                0x00000232                __vector_17
                0x00000232                __vector_19
                0x00000232                __vector_56
                0x00000232                __vector_7
                0x00000232                __vector_49
                0x00000232                __vector_41
                0x00000232                __vector_43
                0x00000232                __vector_27
                0x00000232                __vector_5
                0x00000232                __vector_33
                0x00000232                __vector_47
                0x00000232                __vector_52
                0x00000232                __vector_37
                0x00000232                __vector_4
                0x00000232                __vector_44
                0x00000232                __vector_51
                0x00000232                __vector_9
                0x00000232                __vector_2
                0x00000232                __vector_21
                0x00000232                __vector_15
                0x00000232                __vector_36
                0x00000232                __vector_29
                0x00000232                __vector_40
                0x00000232                __vector_8
                0x00000232                __vector_26
                0x00000232                __vector_48
                0x00000232                __vector_14
                0x00000232                __vector_53
                0x00000232                __vector_10
                0x00000232                __vector_50
                0x00000232                __vector_16
                0x00000232                __vector_18
                0x00000232                __vector_20
                0x00000232                __vector_42
                0x00000234                . = ALIGN (0x2)
 *(.text.*)
 .text.setup    0x00000234        0x6 Sketch.o
                0x00000234                setup
 .text.loop     0x0000023a       0x20 Sketch.o
                0x0000023a                loop
 .text.initVariant
                0x0000025a        0x2 D:\IOT\AVR\Atmel_Studio\ArduinoSketch1\ArduinoSketch1\ArduinoCore\Debug\libArduinoCore.a(main.o)
                0x0000025a                initVariant
 .text.startup.main
                0x0000025c       0x16 D:\IOT\AVR\Atmel_Studio\ArduinoSketch1\ArduinoSketch1\ArduinoCore\Debug\libArduinoCore.a(main.o)
                0x0000025c                main
 .text.__vector_23
                0x00000272       0x94 D:\IOT\AVR\Atmel_Studio\ArduinoSketch1\ArduinoSketch1\ArduinoCore\Debug\libArduinoCore.a(wiring.o)
                0x00000272                __vector_23
 .text.micros   0x00000306       0x4a D:\IOT\AVR\Atmel_Studio\ArduinoSketch1\ArduinoSketch1\ArduinoCore\Debug\libArduinoCore.a(wiring.o)
                0x00000306                micros
 .text.delay    0x00000350       0x72 D:\IOT\AVR\Atmel_Studio\ArduinoSketch1\ArduinoSketch1\ArduinoCore\Debug\libArduinoCore.a(wiring.o)
                0x00000350                delay
 .text.init     0x000003c2       0xc4 D:\IOT\AVR\Atmel_Studio\ArduinoSketch1\ArduinoSketch1\ArduinoCore\Debug\libArduinoCore.a(wiring.o)
                0x000003c2                init
 .text.turnOffPWM
                0x00000486       0xaa D:\IOT\AVR\Atmel_Studio\ArduinoSketch1\ArduinoSketch1\ArduinoCore\Debug\libArduinoCore.a(wiring_digital.o)
 .text.pinMode  0x00000530       0x78 D:\IOT\AVR\Atmel_Studio\ArduinoSketch1\ArduinoSketch1\ArduinoCore\Debug\libArduinoCore.a(wiring_digital.o)
                0x00000530                pinMode
 .text.digitalWrite
                0x000005a8       0x5c D:\IOT\AVR\Atmel_Studio\ArduinoSketch1\ArduinoSketch1\ArduinoCore\Debug\libArduinoCore.a(wiring_digital.o)
                0x000005a8                digitalWrite
 .text.__empty  0x00000604        0x2 D:\IOT\AVR\Atmel_Studio\ArduinoSketch1\ArduinoSketch1\ArduinoCore\Debug\libArduinoCore.a(hooks.o)
                0x00000604                yield
 .text.libgcc   0x00000606       0x10 c:/program files (x86)/atmel/studio/7.0/toolchain/avr8/avr8-gnu-toolchain/bin/../lib/gcc/avr/5.4.0/avr6\libgcc.a(_tablejump2.o)
                0x00000606                __tablejump2__
                0x00000616                . = ALIGN (0x2)
 *(.fini9)
 .fini9         0x00000616        0x0 c:/program files (x86)/atmel/studio/7.0/toolchain/avr8/avr8-gnu-toolchain/bin/../lib/gcc/avr/5.4.0/avr6\libgcc.a(_exit.o)
                0x00000616                _exit
                0x00000616                exit
 *(.fini9)
 *(.fini8)
 *(.fini8)
 *(.fini7)
 *(.fini7)
 *(.fini6)
 *(.fini6)
 *(.fini5)
 *(.fini5)
 *(.fini4)
 *(.fini4)
 *(.fini3)
 *(.fini3)
 *(.fini2)
 *(.fini2)
 *(.fini1)
 *(.fini1)
 *(.fini0)
 .fini0         0x00000616        0x4 c:/program files (x86)/atmel/studio/7.0/toolchain/avr8/avr8-gnu-toolchain/bin/../lib/gcc/avr/5.4.0/avr6\libgcc.a(_exit.o)
 *(.fini0)
                0x0000061a                _etext = .

.data           0x00800200        0x0 load address 0x0000061a
                [!provide]                PROVIDE (__data_start, .)
 *(.data)
 *(.data*)
 *(.gnu.linkonce.d*)
 *(.rodata)
 *(.rodata*)
 *(.gnu.linkonce.r*)
                0x00800200                . = ALIGN (0x2)
                0x00800200                _edata = .
                [!provide]                PROVIDE (__data_end, .)

.bss            0x00800200        0x9
                0x00800200                PROVIDE (__bss_start, .)
 *(.bss)
 *(.bss*)
 .bss.timer0_fract
                0x00800200        0x1 D:\IOT\AVR\Atmel_Studio\ArduinoSketch1\ArduinoSketch1\ArduinoCore\Debug\libArduinoCore.a(wiring.o)
 .bss.timer0_millis
                0x00800201        0x4 D:\IOT\AVR\Atmel_Studio\ArduinoSketch1\ArduinoSketch1\ArduinoCore\Debug\libArduinoCore.a(wiring.o)
                0x00800201                timer0_millis
 .bss.timer0_overflow_count
                0x00800205        0x4 D:\IOT\AVR\Atmel_Studio\ArduinoSketch1\ArduinoSketch1\ArduinoCore\Debug\libArduinoCore.a(wiring.o)
                0x00800205                timer0_overflow_count
 *(COMMON)
                0x00800209                PROVIDE (__bss_end, .)
                0x0000061a                __data_load_start = LOADADDR (.data)
                0x0000061a                __data_load_end = (__data_load_start + SIZEOF (.data))

.noinit         0x00800209        0x0
                [!provide]                PROVIDE (__noinit_start, .)
 *(.noinit*)
                [!provide]                PROVIDE (__noinit_end, .)
                0x00800209                _end = .
                [!provide]                PROVIDE (__heap_start, .)

.eeprom         0x00810000        0x0
 *(.eeprom*)
                0x00810000                __eeprom_end = .

.fuse
 *(.fuse)
 *(.lfuse)
 *(.hfuse)
 *(.efuse)

.lock
 *(.lock*)

.signature
 *(.signature*)

.user_signatures
 *(.user_signatures*)

.stab
 *(.stab)

.stabstr
 *(.stabstr)

.stab.excl
 *(.stab.excl)

.stab.exclstr
 *(.stab.exclstr)

.stab.index
 *(.stab.index)

.stab.indexstr
 *(.stab.indexstr)

.comment        0x00000000       0x30
 *(.comment)
 .comment       0x00000000       0x30 Sketch.o
                                 0x31 (size before relaxing)
 .comment       0x00000030       0x31 D:\IOT\AVR\Atmel_Studio\ArduinoSketch1\ArduinoSketch1\ArduinoCore\Debug\libArduinoCore.a(main.o)
 .comment       0x00000030       0x31 D:\IOT\AVR\Atmel_Studio\ArduinoSketch1\ArduinoSketch1\ArduinoCore\Debug\libArduinoCore.a(wiring.o)
 .comment       0x00000030       0x31 D:\IOT\AVR\Atmel_Studio\ArduinoSketch1\ArduinoSketch1\ArduinoCore\Debug\libArduinoCore.a(wiring_digital.o)
 .comment       0x00000030       0x31 D:\IOT\AVR\Atmel_Studio\ArduinoSketch1\ArduinoSketch1\ArduinoCore\Debug\libArduinoCore.a(hooks.o)

.note.gnu.avr.deviceinfo
                0x00000000       0x40
 .note.gnu.avr.deviceinfo
                0x00000000       0x40 C:/Program Files (x86)/Atmel/Studio/7.0/Packs/atmel/ATmega_DFP/1.2.150/gcc/dev/atmega2560/avr6/crtatmega2560.o

.note.gnu.build-id
 *(.note.gnu.build-id)

.debug
 *(.debug)

.line
 *(.line)

.debug_srcinfo
 *(.debug_srcinfo)

.debug_sfnames
 *(.debug_sfnames)

.debug_aranges  0x00000000       0xf8
 *(.debug_aranges)
 .debug_aranges
                0x00000000       0x28 Sketch.o
 .debug_aranges
                0x00000028       0x30 D:\IOT\AVR\Atmel_Studio\ArduinoSketch1\ArduinoSketch1\ArduinoCore\Debug\libArduinoCore.a(main.o)
 .debug_aranges
                0x00000058       0x48 D:\IOT\AVR\Atmel_Studio\ArduinoSketch1\ArduinoSketch1\ArduinoCore\Debug\libArduinoCore.a(wiring.o)
 .debug_aranges
                0x000000a0       0x38 D:\IOT\AVR\Atmel_Studio\ArduinoSketch1\ArduinoSketch1\ArduinoCore\Debug\libArduinoCore.a(wiring_digital.o)
 .debug_aranges
                0x000000d8       0x20 D:\IOT\AVR\Atmel_Studio\ArduinoSketch1\ArduinoSketch1\ArduinoCore\Debug\libArduinoCore.a(hooks.o)

.debug_pubnames
 *(.debug_pubnames)

.debug_info     0x00000000     0x1a90
 *(.debug_info .gnu.linkonce.wi.*)
 .debug_info    0x00000000      0xbbc C:/Program Files (x86)/Atmel/Studio/7.0/Packs/atmel/ATmega_DFP/1.2.150/gcc/dev/atmega2560/avr6/crtatmega2560.o
 .debug_info    0x00000bbc      0x29e Sketch.o
 .debug_info    0x00000e5a      0x295 D:\IOT\AVR\Atmel_Studio\ArduinoSketch1\ArduinoSketch1\ArduinoCore\Debug\libArduinoCore.a(main.o)
 .debug_info    0x000010ef      0x329 D:\IOT\AVR\Atmel_Studio\ArduinoSketch1\ArduinoSketch1\ArduinoCore\Debug\libArduinoCore.a(wiring.o)
 .debug_info    0x00001418      0x63a D:\IOT\AVR\Atmel_Studio\ArduinoSketch1\ArduinoSketch1\ArduinoCore\Debug\libArduinoCore.a(wiring_digital.o)
 .debug_info    0x00001a52       0x3e D:\IOT\AVR\Atmel_Studio\ArduinoSketch1\ArduinoSketch1\ArduinoCore\Debug\libArduinoCore.a(hooks.o)

.debug_abbrev   0x00000000      0xfe1
 *(.debug_abbrev)
 .debug_abbrev  0x00000000      0xb1a C:/Program Files (x86)/Atmel/Studio/7.0/Packs/atmel/ATmega_DFP/1.2.150/gcc/dev/atmega2560/avr6/crtatmega2560.o
 .debug_abbrev  0x00000b1a       0xd0 Sketch.o
 .debug_abbrev  0x00000bea      0x12d D:\IOT\AVR\Atmel_Studio\ArduinoSketch1\ArduinoSketch1\ArduinoCore\Debug\libArduinoCore.a(main.o)
 .debug_abbrev  0x00000d17      0x146 D:\IOT\AVR\Atmel_Studio\ArduinoSketch1\ArduinoSketch1\ArduinoCore\Debug\libArduinoCore.a(wiring.o)
 .debug_abbrev  0x00000e5d      0x15a D:\IOT\AVR\Atmel_Studio\ArduinoSketch1\ArduinoSketch1\ArduinoCore\Debug\libArduinoCore.a(wiring_digital.o)
 .debug_abbrev  0x00000fb7       0x2a D:\IOT\AVR\Atmel_Studio\ArduinoSketch1\ArduinoSketch1\ArduinoCore\Debug\libArduinoCore.a(hooks.o)

.debug_line     0x00000000      0xa2b
 *(.debug_line .debug_line.* .debug_line_end)
 .debug_line    0x00000000      0x1f9 C:/Program Files (x86)/Atmel/Studio/7.0/Packs/atmel/ATmega_DFP/1.2.150/gcc/dev/atmega2560/avr6/crtatmega2560.o
 .debug_line    0x000001f9      0x141 Sketch.o
 .debug_line    0x0000033a      0x161 D:\IOT\AVR\Atmel_Studio\ArduinoSketch1\ArduinoSketch1\ArduinoCore\Debug\libArduinoCore.a(main.o)
 .debug_line    0x0000049b      0x2cb D:\IOT\AVR\Atmel_Studio\ArduinoSketch1\ArduinoSketch1\ArduinoCore\Debug\libArduinoCore.a(wiring.o)
 .debug_line    0x00000766      0x284 D:\IOT\AVR\Atmel_Studio\ArduinoSketch1\ArduinoSketch1\ArduinoCore\Debug\libArduinoCore.a(wiring_digital.o)
 .debug_line    0x000009ea       0x41 D:\IOT\AVR\Atmel_Studio\ArduinoSketch1\ArduinoSketch1\ArduinoCore\Debug\libArduinoCore.a(hooks.o)

.debug_frame    0x00000000      0x1ec
 *(.debug_frame)
 .debug_frame   0x00000000       0x34 Sketch.o
 .debug_frame   0x00000034       0x54 D:\IOT\AVR\Atmel_Studio\ArduinoSketch1\ArduinoSketch1\ArduinoCore\Debug\libArduinoCore.a(main.o)
 .debug_frame   0x00000088       0xc4 D:\IOT\AVR\Atmel_Studio\ArduinoSketch1\ArduinoSketch1\ArduinoCore\Debug\libArduinoCore.a(wiring.o)
 .debug_frame   0x0000014c       0x7c D:\IOT\AVR\Atmel_Studio\ArduinoSketch1\ArduinoSketch1\ArduinoCore\Debug\libArduinoCore.a(wiring_digital.o)
 .debug_frame   0x000001c8       0x24 D:\IOT\AVR\Atmel_Studio\ArduinoSketch1\ArduinoSketch1\ArduinoCore\Debug\libArduinoCore.a(hooks.o)

.debug_str      0x00000000      0x92d
 *(.debug_str)
 .debug_str     0x00000000      0x3e6 C:/Program Files (x86)/Atmel/Studio/7.0/Packs/atmel/ATmega_DFP/1.2.150/gcc/dev/atmega2560/avr6/crtatmega2560.o
 .debug_str     0x000003e6      0x235 Sketch.o
                                0x275 (size before relaxing)
 .debug_str     0x0000061b       0xa7 D:\IOT\AVR\Atmel_Studio\ArduinoSketch1\ArduinoSketch1\ArduinoCore\Debug\libArduinoCore.a(main.o)
                                0x2af (size before relaxing)
 .debug_str     0x000006c2      0x16d D:\IOT\AVR\Atmel_Studio\ArduinoSketch1\ArduinoSketch1\ArduinoCore\Debug\libArduinoCore.a(wiring.o)
                                0x245 (size before relaxing)
 .debug_str     0x0000082f       0xe2 D:\IOT\AVR\Atmel_Studio\ArduinoSketch1\ArduinoSketch1\ArduinoCore\Debug\libArduinoCore.a(wiring_digital.o)
                                0x2aa (size before relaxing)
 .debug_str     0x00000911       0x1c D:\IOT\AVR\Atmel_Studio\ArduinoSketch1\ArduinoSketch1\ArduinoCore\Debug\libArduinoCore.a(hooks.o)
                                0x13a (size before relaxing)

.debug_loc      0x00000000      0x7f8
 *(.debug_loc)
 .debug_loc     0x00000000      0x28d D:\IOT\AVR\Atmel_Studio\ArduinoSketch1\ArduinoSketch1\ArduinoCore\Debug\libArduinoCore.a(wiring.o)
 .debug_loc     0x0000028d      0x56b D:\IOT\AVR\Atmel_Studio\ArduinoSketch1\ArduinoSketch1\ArduinoCore\Debug\libArduinoCore.a(wiring_digital.o)

.debug_macinfo
 *(.debug_macinfo)

.debug_weaknames
 *(.debug_weaknames)

.debug_funcnames
 *(.debug_funcnames)

.debug_typenames
 *(.debug_typenames)

.debug_varnames
 *(.debug_varnames)

.debug_pubtypes
 *(.debug_pubtypes)

.debug_ranges   0x00000000       0xa8
 *(.debug_ranges)
 .debug_ranges  0x00000000       0x18 Sketch.o
 .debug_ranges  0x00000018       0x20 D:\IOT\AVR\Atmel_Studio\ArduinoSketch1\ArduinoSketch1\ArduinoCore\Debug\libArduinoCore.a(main.o)
 .debug_ranges  0x00000038       0x38 D:\IOT\AVR\Atmel_Studio\ArduinoSketch1\ArduinoSketch1\ArduinoCore\Debug\libArduinoCore.a(wiring.o)
 .debug_ranges  0x00000070       0x28 D:\IOT\AVR\Atmel_Studio\ArduinoSketch1\ArduinoSketch1\ArduinoCore\Debug\libArduinoCore.a(wiring_digital.o)
 .debug_ranges  0x00000098       0x10 D:\IOT\AVR\Atmel_Studio\ArduinoSketch1\ArduinoSketch1\ArduinoCore\Debug\libArduinoCore.a(hooks.o)

.debug_macro
 *(.debug_macro)
OUTPUT(Blink.elf elf32-avr)
LOAD linker stubs
